node_modules/@google/genai/dist/genai.d.ts(1,29): error TS2307: Cannot find module '@modelcontextprotocol/sdk/client/index.js' or its corresponding type declarations.
node_modules/@upstash/redis/error-8y4qG0W2.d.ts(4887,81): error TS2493: Tuple type '[message?: string]' of length '1' has no element at index '1'.
node_modules/@upstash/redis/error-8y4qG0W2.d.ts(4892,44): error TS2304: Cannot find name 'ErrorOptions'.
node_modules/gaxios/build/cjs/src/gaxios.d.ts(16,5): error TS18028: Private identifiers are only available when targeting ECMAScript 2015 and higher.
node_modules/google-auth-library/build/src/auth/awsclient.d.ts(83,5): error TS18028: Private identifiers are only available when targeting ECMAScript 2015 and higher.
node_modules/google-auth-library/build/src/auth/baseexternalclient.d.ts(173,5): error TS18028: Private identifiers are only available when targeting ECMAScript 2015 and higher.
node_modules/google-auth-library/build/src/auth/googleauth.d.ts(160,5): error TS18028: Private identifiers are only available when targeting ECMAScript 2015 and higher.
node_modules/google-auth-library/build/src/auth/oauth2common.d.ts(50,5): error TS18028: Private identifiers are only available when targeting ECMAScript 2015 and higher.
node_modules/google-auth-library/build/src/auth/stscredentials.d.ts(99,5): error TS18028: Private identifiers are only available when targeting ECMAScript 2015 and higher.
node_modules/google-auth-library/build/src/util.d.ts(125,5): error TS18028: Private identifiers are only available when targeting ECMAScript 2015 and higher.
node_modules/pino/pino.d.ts(20,8): error TS1259: Module '"/app/applet/node_modules/thread-stream/index"' can only be default-imported using the 'esModuleInterop' flag
node_modules/socket.io/dist/index.d.ts(1,8): error TS1192: Module '"http"' has no default export.
node_modules/zod/v4/locales/index.d.cts(1,21): error TS1259: Module '"/app/applet/node_modules/zod/v4/locales/ar"' can only be default-imported using the 'esModuleInterop' flag
node_modules/zod/v4/locales/index.d.cts(2,21): error TS1259: Module '"/app/applet/node_modules/zod/v4/locales/az"' can only be default-imported using the 'esModuleInterop' flag
node_modules/zod/v4/locales/index.d.cts(3,21): error TS1259: Module '"/app/applet/node_modules/zod/v4/locales/be"' can only be default-imported using the 'esModuleInterop' flag
node_modules/zod/v4/locales/index.d.cts(4,21): error TS1259: Module '"/app/applet/node_modules/zod/v4/locales/bg"' can only be default-imported using the 'esModuleInterop' flag
node_modules/zod/v4/locales/index.d.cts(5,21): error TS1259: Module '"/app/applet/node_modules/zod/v4/locales/ca"' can only be default-imported using the 'esModuleInterop' flag
node_modules/zod/v4/locales/index.d.cts(6,21): error TS1259: Module '"/app/applet/node_modules/zod/v4/locales/cs"' can only be default-imported using the 'esModuleInterop' flag
node_modules/zod/v4/locales/index.d.cts(7,21): error TS1259: Module '"/app/applet/node_modules/zod/v4/locales/da"' can only be default-imported using the 'esModuleInterop' flag
node_modules/zod/v4/locales/index.d.cts(8,21): error TS1259: Module '"/app/applet/node_modules/zod/v4/locales/de"' can only be default-imported using the 'esModuleInterop' flag
node_modules/zod/v4/locales/index.d.cts(9,21): error TS1259: Module '"/app/applet/node_modules/zod/v4/locales/el"' can only be default-imported using the 'esModuleInterop' flag
node_modules/zod/v4/locales/index.d.cts(10,21): error TS1259: Module '"/app/applet/node_modules/zod/v4/locales/en"' can only be default-imported using the 'esModuleInterop' flag
node_modules/zod/v4/locales/index.d.cts(11,21): error TS1259: Module '"/app/applet/node_modules/zod/v4/locales/eo"' can only be default-imported using the 'esModuleInterop' flag
node_modules/zod/v4/locales/index.d.cts(12,21): error TS1259: Module '"/app/applet/node_modules/zod/v4/locales/es"' can only be default-imported using the 'esModuleInterop' flag
node_modules/zod/v4/locales/index.d.cts(13,21): error TS1259: Module '"/app/applet/node_modules/zod/v4/locales/fa"' can only be default-imported using the 'esModuleInterop' flag
node_modules/zod/v4/locales/index.d.cts(14,21): error TS1259: Module '"/app/applet/node_modules/zod/v4/locales/fi"' can only be default-imported using the 'esModuleInterop' flag
node_modules/zod/v4/locales/index.d.cts(15,21): error TS1259: Module '"/app/applet/node_modules/zod/v4/locales/fr"' can only be default-imported using the 'esModuleInterop' flag
node_modules/zod/v4/locales/index.d.cts(16,21): error TS1259: Module '"/app/applet/node_modules/zod/v4/locales/fr-CA"' can only be default-imported using the 'esModuleInterop' flag
node_modules/zod/v4/locales/index.d.cts(17,21): error TS1259: Module '"/app/applet/node_modules/zod/v4/locales/he"' can only be default-imported using the 'esModuleInterop' flag
node_modules/zod/v4/locales/index.d.cts(18,21): error TS1259: Module '"/app/applet/node_modules/zod/v4/locales/hr"' can only be default-imported using the 'esModuleInterop' flag
node_modules/zod/v4/locales/index.d.cts(19,21): error TS1259: Module '"/app/applet/node_modules/zod/v4/locales/hu"' can only be default-imported using the 'esModuleInterop' flag
node_modules/zod/v4/locales/index.d.cts(20,21): error TS1259: Module '"/app/applet/node_modules/zod/v4/locales/hy"' can only be default-imported using the 'esModuleInterop' flag
node_modules/zod/v4/locales/index.d.cts(21,21): error TS1259: Module '"/app/applet/node_modules/zod/v4/locales/id"' can only be default-imported using the 'esModuleInterop' flag
node_modules/zod/v4/locales/index.d.cts(22,21): error TS1259: Module '"/app/applet/node_modules/zod/v4/locales/is"' can only be default-imported using the 'esModuleInterop' flag
node_modules/zod/v4/locales/index.d.cts(23,21): error TS1259: Module '"/app/applet/node_modules/zod/v4/locales/it"' can only be default-imported using the 'esModuleInterop' flag
node_modules/zod/v4/locales/index.d.cts(24,21): error TS1259: Module '"/app/applet/node_modules/zod/v4/locales/ja"' can only be default-imported using the 'esModuleInterop' flag
node_modules/zod/v4/locales/index.d.cts(25,21): error TS1259: Module '"/app/applet/node_modules/zod/v4/locales/ka"' can only be default-imported using the 'esModuleInterop' flag
node_modules/zod/v4/locales/index.d.cts(26,21): error TS1259: Module '"/app/applet/node_modules/zod/v4/locales/kh"' can only be default-imported using the 'esModuleInterop' flag
node_modules/zod/v4/locales/index.d.cts(27,21): error TS1259: Module '"/app/applet/node_modules/zod/v4/locales/km"' can only be default-imported using the 'esModuleInterop' flag
node_modules/zod/v4/locales/index.d.cts(28,21): error TS1259: Module '"/app/applet/node_modules/zod/v4/locales/ko"' can only be default-imported using the 'esModuleInterop' flag
node_modules/zod/v4/locales/index.d.cts(29,21): error TS1259: Module '"/app/applet/node_modules/zod/v4/locales/lt"' can only be default-imported using the 'esModuleInterop' flag
node_modules/zod/v4/locales/index.d.cts(30,21): error TS1259: Module '"/app/applet/node_modules/zod/v4/locales/mk"' can only be default-imported using the 'esModuleInterop' flag
node_modules/zod/v4/locales/index.d.cts(31,21): error TS1259: Module '"/app/applet/node_modules/zod/v4/locales/ms"' can only be default-imported using the 'esModuleInterop' flag
node_modules/zod/v4/locales/index.d.cts(32,21): error TS1259: Module '"/app/applet/node_modules/zod/v4/locales/nl"' can only be default-imported using the 'esModuleInterop' flag
node_modules/zod/v4/locales/index.d.cts(33,21): error TS1259: Module '"/app/applet/node_modules/zod/v4/locales/no"' can only be default-imported using the 'esModuleInterop' flag
node_modules/zod/v4/locales/index.d.cts(34,21): error TS1259: Module '"/app/applet/node_modules/zod/v4/locales/ota"' can only be default-imported using the 'esModuleInterop' flag
node_modules/zod/v4/locales/index.d.cts(35,21): error TS1259: Module '"/app/applet/node_modules/zod/v4/locales/ps"' can only be default-imported using the 'esModuleInterop' flag
node_modules/zod/v4/locales/index.d.cts(36,21): error TS1259: Module '"/app/applet/node_modules/zod/v4/locales/pl"' can only be default-imported using the 'esModuleInterop' flag
node_modules/zod/v4/locales/index.d.cts(37,21): error TS1259: Module '"/app/applet/node_modules/zod/v4/locales/pt"' can only be default-imported using the 'esModuleInterop' flag
node_modules/zod/v4/locales/index.d.cts(38,21): error TS1259: Module '"/app/applet/node_modules/zod/v4/locales/ro"' can only be default-imported using the 'esModuleInterop' flag
node_modules/zod/v4/locales/index.d.cts(39,21): error TS1259: Module '"/app/applet/node_modules/zod/v4/locales/ru"' can only be default-imported using the 'esModuleInterop' flag
node_modules/zod/v4/locales/index.d.cts(40,21): error TS1259: Module '"/app/applet/node_modules/zod/v4/locales/sl"' can only be default-imported using the 'esModuleInterop' flag
node_modules/zod/v4/locales/index.d.cts(41,21): error TS1259: Module '"/app/applet/node_modules/zod/v4/locales/sv"' can only be default-imported using the 'esModuleInterop' flag
node_modules/zod/v4/locales/index.d.cts(42,21): error TS1259: Module '"/app/applet/node_modules/zod/v4/locales/ta"' can only be default-imported using the 'esModuleInterop' flag
node_modules/zod/v4/locales/index.d.cts(43,21): error TS1259: Module '"/app/applet/node_modules/zod/v4/locales/th"' can only be default-imported using the 'esModuleInterop' flag
node_modules/zod/v4/locales/index.d.cts(44,21): error TS1259: Module '"/app/applet/node_modules/zod/v4/locales/tr"' can only be default-imported using the 'esModuleInterop' flag
node_modules/zod/v4/locales/index.d.cts(45,21): error TS1259: Module '"/app/applet/node_modules/zod/v4/locales/ua"' can only be default-imported using the 'esModuleInterop' flag
node_modules/zod/v4/locales/index.d.cts(46,21): error TS1259: Module '"/app/applet/node_modules/zod/v4/locales/uk"' can only be default-imported using the 'esModuleInterop' flag
node_modules/zod/v4/locales/index.d.cts(47,21): error TS1259: Module '"/app/applet/node_modules/zod/v4/locales/ur"' can only be default-imported using the 'esModuleInterop' flag
node_modules/zod/v4/locales/index.d.cts(48,21): error TS1259: Module '"/app/applet/node_modules/zod/v4/locales/uz"' can only be default-imported using the 'esModuleInterop' flag
node_modules/zod/v4/locales/index.d.cts(49,21): error TS1259: Module '"/app/applet/node_modules/zod/v4/locales/vi"' can only be default-imported using the 'esModuleInterop' flag
node_modules/zod/v4/locales/index.d.cts(50,21): error TS1259: Module '"/app/applet/node_modules/zod/v4/locales/zh-CN"' can only be default-imported using the 'esModuleInterop' flag
node_modules/zod/v4/locales/index.d.cts(51,21): error TS1259: Module '"/app/applet/node_modules/zod/v4/locales/zh-TW"' can only be default-imported using the 'esModuleInterop' flag
node_modules/zod/v4/locales/index.d.cts(52,21): error TS1259: Module '"/app/applet/node_modules/zod/v4/locales/yo"' can only be default-imported using the 'esModuleInterop' flag
